<area shape="rect" id="node1" href="ned.IdealChannel.html" title="Channel IdealChannel" alt="" coords="641,79,739,104">
<area shape="rect" id="node2" href="can4cqf.can4cqf.linklayer.shaper.IEEE8021Qch.IEEE8021Qch_shaper.html" title="Compound Module IEEE8021Qch_shaper" alt="" coords="5,5,156,31">
<area shape="rect" id="node3" href="can4cqf.can4cqf.nodes.ethernet.IEEE8021QchHost.html" title="Compound Module IEEE8021QchHost" alt="" coords="181,5,314,31">
<area shape="rect" id="node4" href="can4cqf.can4cqf.linklayer.port.IEEE8021QchPHYPort.html" title="Compound Module IEEE8021QchPHYPort" alt="" coords="338,5,495,31">
<area shape="rect" id="node5" href="can4cqf.simulations.small_Network_Can.Small_Network_Can.html" title="Network Small_Network_Can" alt="" coords="520,5,663,31">
<area shape="rect" id="node6" href="can4cqf.can4cqf.applications.ethernet.TSNCQFEthernetGatewayHost.html" title="Compound Module TSNCQFEthernetGatewayHost" alt="" coords="687,5,893,31">
<area shape="rect" id="node7" href="can4cqf.can4cqf.nodes.ethernet.TSNCQFHost.html" title="Compound Module TSNCQFHost" alt="" coords="917,5,1023,31">
<area shape="rect" id="node8" href="can4cqf.can4cqf.nodes.ethernet.TSNCQFSwitch.html" title="Compound Module TSNCQFSwitch" alt="" coords="1046,5,1163,31">
<area shape="rect" id="node9" href="can4cqf.can4cqf.linklayer.port.TSNPHYPort_CQF.html" title="Compound Module TSNPHYPort_CQF" alt="" coords="1187,5,1323,31">
